
61. Printing statistics.

=== dff_ram_4x72 ===

   Number of wires:               1188
   Number of wire bits:           1331
   Number of public wires:         294
   Number of public wire bits:     437
   Number of memories:               0
   Number of memory bits:            0
   Number of processes:              0
   Number of cells:               1254
     sky130_fd_sc_hd__a21o_2        14
     sky130_fd_sc_hd__a221o_2       61
     sky130_fd_sc_hd__a22o_2        47
     sky130_fd_sc_hd__and2_2         1
     sky130_fd_sc_hd__and2b_2        3
     sky130_fd_sc_hd__and3_2        14
     sky130_fd_sc_hd__and4bb_2       1
     sky130_fd_sc_hd__buf_1        377
     sky130_fd_sc_hd__dfxtp_2      360
     sky130_fd_sc_hd__mux2_2       299
     sky130_fd_sc_hd__mux4_2        11
     sky130_fd_sc_hd__nor2_2         1
     sky130_fd_sc_hd__o22a_2        61
     sky130_fd_sc_hd__or2b_2         1
     sky130_fd_sc_hd__or3b_2         2
     sky130_fd_sc_hd__or4_2          1

   Chip area for module '\dff_ram_4x72': 14770.416000

