
===========================================================================
 report_power
============================================================================
======================= Fastest Corner ===================================

Group                  Internal  Switching    Leakage      Total
                          Power      Power      Power      Power (Watts)
----------------------------------------------------------------
Sequential             4.10e-03   3.50e-04   1.04e-08   4.45e-03  47.6%
Combinational          1.97e-03   1.06e-03   3.08e-08   3.03e-03  32.4%
Clock                  7.63e-04   1.10e-03   6.53e-09   1.86e-03  19.9%
Macro                  0.00e+00   0.00e+00   0.00e+00   0.00e+00   0.0%
Pad                    0.00e+00   0.00e+00   0.00e+00   0.00e+00   0.0%
----------------------------------------------------------------
Total                  6.83e-03   2.51e-03   4.77e-08   9.34e-03 100.0%
                          73.2%      26.8%       0.0%

======================= Slowest Corner ===================================

Group                  Internal  Switching    Leakage      Total
                          Power      Power      Power      Power (Watts)
----------------------------------------------------------------
Sequential             2.75e-03   2.24e-04   1.05e-05   2.98e-03  47.1%
Combinational          1.39e-03   6.91e-04   1.64e-05   2.09e-03  33.1%
Clock                  5.58e-04   6.98e-04   7.99e-07   1.26e-03  19.8%
Macro                  0.00e+00   0.00e+00   0.00e+00   0.00e+00   0.0%
Pad                    0.00e+00   0.00e+00   0.00e+00   0.00e+00   0.0%
----------------------------------------------------------------
Total                  4.69e-03   1.61e-03   2.77e-05   6.33e-03 100.0%
                          74.1%      25.5%       0.4%

======================= Typical Corner ===================================

Group                  Internal  Switching    Leakage      Total
                          Power      Power      Power      Power (Watts)
----------------------------------------------------------------
Sequential             3.52e-03   2.90e-04   6.04e-09   3.81e-03  47.5%
Combinational          1.73e-03   8.86e-04   1.09e-08   2.62e-03  32.6%
Clock                  6.73e-04   9.21e-04   4.64e-09   1.59e-03  19.9%
Macro                  0.00e+00   0.00e+00   0.00e+00   0.00e+00   0.0%
Pad                    0.00e+00   0.00e+00   0.00e+00   0.00e+00   0.0%
----------------------------------------------------------------
Total                  5.92e-03   2.10e-03   2.16e-08   8.02e-03 100.0%
                          73.9%      26.1%       0.0%

