
===========================================================================
 report_power
============================================================================
======================= Fastest Corner ===================================

Group                  Internal  Switching    Leakage      Total
                          Power      Power      Power      Power (Watts)
----------------------------------------------------------------
Sequential             4.41e-04   8.45e-05   1.90e-07   5.26e-04  49.7%
Combinational          1.37e-04   9.85e-05   9.60e-10   2.36e-04  22.3%
Clock                  1.83e-04   1.14e-04   1.32e-09   2.97e-04  28.0%
Macro                  0.00e+00   0.00e+00   0.00e+00   0.00e+00   0.0%
Pad                    0.00e+00   0.00e+00   0.00e+00   0.00e+00   0.0%
----------------------------------------------------------------
Total                  7.61e-04   2.97e-04   1.93e-07   1.06e-03 100.0%
                          71.9%      28.0%       0.0%

======================= Slowest Corner ===================================

Group                  Internal  Switching    Leakage      Total
                          Power      Power      Power      Power (Watts)
----------------------------------------------------------------
Sequential             3.04e-04   5.61e-05   1.20e-06   3.62e-04  49.3%
Combinational          1.03e-04   6.36e-05   1.11e-06   1.68e-04  22.9%
Clock                  1.30e-04   7.34e-05   1.72e-07   2.03e-04  27.7%
Macro                  0.00e+00   0.00e+00   0.00e+00   0.00e+00   0.0%
Pad                    0.00e+00   0.00e+00   0.00e+00   0.00e+00   0.0%
----------------------------------------------------------------
Total                  5.37e-04   1.93e-04   2.48e-06   7.33e-04 100.0%
                          73.3%      26.4%       0.3%

======================= Typical Corner ===================================

Group                  Internal  Switching    Leakage      Total
                          Power      Power      Power      Power (Watts)
----------------------------------------------------------------
Sequential             3.82e-04   7.18e-05   1.90e-07   4.54e-04  49.5%
Combinational          1.26e-04   8.29e-05   8.78e-10   2.09e-04  22.8%
Clock                  1.59e-04   9.51e-05   8.62e-10   2.54e-04  27.7%
Macro                  0.00e+00   0.00e+00   0.00e+00   0.00e+00   0.0%
Pad                    0.00e+00   0.00e+00   0.00e+00   0.00e+00   0.0%
----------------------------------------------------------------
Total                  6.68e-04   2.50e-04   1.92e-07   9.17e-04 100.0%
                          72.8%      27.2%       0.0%

